---
source: tests/test.rs
expression: diff
info:
  lhs:
    maximum: 1
    type: number
  rhs:
    type: number
input_file: tests/fixtures/range/remove_maximum.json
---
[
    Change {
        path: "",
        change: RangeRemove {
            removed: Maximum(
                1.0,
            ),
        },
    },
]
