---
source: tests/test.rs
expression: diff
info:
  lhs:
    anyOf:
      - minimum: 1
        type: integer
  rhs:
    type:
      - integer
      - string
input_file: tests/fixtures/any_of/any_of_with_constraint_to_type_1.json
---
[
    Change {
        path: "",
        change: RangeRemove {
            removed: Minimum,
            value: 1.0,
        },
    },
    Change {
        path: "",
        change: TypeAdd {
            added: String,
        },
    },
]
