---
source: tests/test.rs
expression: diff
info:
  lhs:
    anyOf:
      - type: integer
      - type: string
  rhs:
    type: string
input_file: tests/fixtures/any_of/to_more_strict_type.json
---
[
    Change {
        path: "",
        change: TypeRemove {
            removed: Integer,
        },
    },
]
