---
source: tests/test.rs
expression: diff
input_file: tests/fixtures/any_of/any_of_with_constraint_to_type_2.json
---
[
    Change {
        path: "",
        change: RangeRemove {
            removed: Minimum,
            value: 2.0,
        },
    },
    Change {
        path: "",
        change: TypeAdd {
            added: String,
        },
    },
]
