---
source: tests/test.rs
expression: diff
info:
  lhs:
    anyOf:
      - minimum: 1
        type: integer
      - minimum: 2
        type: integer
  rhs:
    minimum: 1
    type:
      - integer
      - string
input_file: tests/fixtures/any_of/any_of_with_constraint_to_type_2.json
---
[
    Change {
        path: "",
        change: RangeRemove {
            removed: Minimum(
                2.0,
            ),
        },
    },
    Change {
        path: "",
        change: TypeAdd {
            added: String,
        },
    },
]
