---
source: tests/test.rs
expression: diff
info:
  lhs:
    anyOf:
      - maximum: 10
        type: number
      - minimum: 1
        type: number
      - maximum: 200
        minimum: 100
        type: number
  rhs:
    anyOf:
      - maximum: 14
        minimum: 7
        type: number
      - maximum: 3
        type: number
      - minimum: 2
        type: number
input_file: tests/fixtures/any_of/number_1.json
---
[
    Change {
        path: ".<anyOf:1>",
        change: RangeChange {
            old_value: Maximum(
                10.0,
            ),
            new_value: Maximum(
                3.0,
            ),
        },
    },
    Change {
        path: ".<anyOf:2>",
        change: RangeChange {
            old_value: Minimum(
                1.0,
            ),
            new_value: Minimum(
                2.0,
            ),
        },
    },
    Change {
        path: ".<anyOf:0>",
        change: RangeChange {
            old_value: Minimum(
                100.0,
            ),
            new_value: Minimum(
                7.0,
            ),
        },
    },
    Change {
        path: ".<anyOf:0>",
        change: RangeChange {
            old_value: Maximum(
                200.0,
            ),
            new_value: Maximum(
                14.0,
            ),
        },
    },
]
