---
source: tests/test.rs
expression: diff
info:
  lhs:
    anyOf:
      - items:
          - const: start_unmerge
          - type: object
        type: array
  rhs:
    anyOf:
      - items:
          - const: start_unmerge
          - properties:
              transaction_id:
                type: string
            type: object
        type: array
input_file: tests/fixtures/properties/add_property_in_array_of_any_of.json
---
[
    Change {
        path: ".<anyOf:0>.1",
        change: PropertyAdd {
            lhs_additional_properties: true,
            added: "transaction_id",
        },
    },
]
