---
source: tests/test.rs
assertion_line: 12
expression: diff
info:
  lhs:
    type: string
  rhs:
    maxLength: 10
    type: string
input_file: tests/fixtures/max_length/max_length_add.json
---
[
    Change {
        path: "",
        change: MaxLengthAdd {
            added: 10,
        },
    },
]
